gplink-0.13.7 beta
Copyright (c) 1998-2005 gputils project
Listing File Generated: 1-11-2011  17:44:49
 
 
Address  Value    Disassembly              Source
-------  -----    -----------              ------
                                           LIST R=hex
                                           INCLUDE "p16f877.inc"
                                                   LIST
                                           ; P16F877.INC  Standard Header File, Version 1.00    Microchip Technology, Inc.
                                                   NOLIST
                                           
                                           __CONFIG _CP_OFF & _DEBUG_OFF &  _CPD_OFF & _LVP_OFF & _BODEN_OFF & _PWRTE_ON & _WDT_OFF & _XT_OSC
                                           	
                                           	
                                           org 0
                                           
                                           d1	equ 0x25
                                           d2	equ 0x26
                                           d3	equ 0x27
                                           	
                                           start
000000   1303     bcf	0x3, 0x6             	bcf STATUS, RP1		; go to bank 1
000001   1683     bsf	0x3, 0x5             	bsf STATUS, RP0
000002   3000     movlw	0                  	movlw 0x0		; set port b to be outputs
000003   0086     movwf	0x6                	movwf TRISB
000004   1283     bcf	0x3, 0x5             	bcf STATUS, RP0		; back to bank 0
000005   300a     movlw	0xa                	movlw 0xa
000006   00a2     movwf	0x22               	movwf 0x22		; initialize counter
000007   0822     movf	0x22, w             	movfw 0x22
                                           
                                           start_loop
000008   0aa2     incf	0x22, f             	incf 0x22, f ;
000009   0822     movf	0x22, w             	movf 0x22, W
00000a   0086     movwf	0x6                	movwf PORTB
                                           	
00000b   200d     call	0xd                 	call Delay
00000c   2808     goto	0x8                 	goto	start_loop
                                           
                                           Delay
                                           			;499994 cycles
00000d   3003     movlw	0x3                	movlw	0x03
00000e   00a5     movwf	0x25               	movwf	d1
00000f   3018     movlw	0x18               	movlw	0x18
000010   00a6     movwf	0x26               	movwf	d2
000011   3002     movlw	0x2                	movlw	0x02
000012   00a7     movwf	0x27               	movwf	d3
                                           Delay_0
000013   0ba5     decfsz	0x25, f           	decfsz	d1, f
000014   2816     goto	0x16                	goto	$+2
000015   0ba6     decfsz	0x26, f           	decfsz	d2, f
000016   2818     goto	0x18                	goto	$+2
000017   0ba7     decfsz	0x27, f           	decfsz	d3, f
000018   2813     goto	0x13                	goto	Delay_0
                                           
                                           			;2 cycles
000019   281a     goto	0x1a                	goto	$+1
                                           
                                           			;4 cycles (including call)
00001a   0008     return                   	return
                                           
                                           
                                           
                                           	
                                           end
