gpasm-0.13.7 beta               lcd.asm     1-14-2011  17:59:18          PAGE  1


LOC  OBJECT CODE     LINE SOURCE TEXT
  VALUE
 
               00001         #include <p16f877.inc>
               00001         LIST
               00002 ; P16F877.INC  Standard Header File, Version 1.00    Microchip Technology, Inc.
               00373         LIST
               00002         
               00003         ;Declare unbanked variables (at 0x70 and on)
               00004         udata_shr
               00005 lcd_tmp res     1
               00006 lcd_d1  res     1
               00007 lcd_d2  res     1
               00008 com             res     1
               00009 dat             res     1
               00010 
               00011         ;Declare constants for pin assignments (LCD on PORTD)
000A 00012 #define RS      PORTD,2
000A 00013 #define E       PORTD,3
               00014 
               00015 ;Delay: ~160us
               00016 LCD_DELAY macro
               00017         movlw   0xFF
               00018         movwf   lcd_d1
               00019         decfsz  lcd_d1,f
               00020         goto    $-1
               00021         endm
               00022         
               00023 
               00024         code 
               00025         global InitLCD,WR_INS,WR_DATA,ClrLCD            ;Only these functions are visible to other asm files.
               00026     ;***********************************
0000 00027 InitLCD
0000 9A03      00028         bcf STATUS,RP0
0002 8608      00029         bsf E     ;E default high
               00030         
               00031         ;Wait for LCD POR to finish (~15ms)
0004 EC00 F000 00032         call lcdLongDelay
0008 EC00 F000 00033         call lcdLongDelay
000C EC00 F000 00034         call lcdLongDelay
               00035 
               00036         ;Ensure 8-bit mode first (no way to immediately guarantee 4-bit mode)
               00037         ; -> Send b'0011' 3 times
0010 0E33      00038         movlw   b'00110011'
0012 EC00 F000 00039         call    WR_INS
0016 0E32      00040         movlw   b'00110010'
0018 EC00 F000 00041         call    WR_INS
               00042 
               00043         ; 4 bits, 2 lines, 5x7 dots
001C 0E28      00044         movlw   b'00101000'
001E EC00 F000 00045         call    WR_INS
               00046 
               00047         ; display on/off
0022 0E0C      00048         movlw   b'00001100'
0024 EC00 F000 00049         call    WR_INS
               00050         
               00051         ; Entry mode
gpasm-0.13.7 beta               lcd.asm     1-14-2011  17:59:18          PAGE  2


LOC  OBJECT CODE     LINE SOURCE TEXT
  VALUE
 
0028 0E06      00052         movlw   b'00000110'
002A EC00 F000 00053         call    WR_INS
               00054 
               00055         ; Clear ram
002E 0E01      00056         movlw   b'00000001'
0030 EC00 F000 00057         call    WR_INS
0034 0012      00058         return
               00059     ;************************************
               00060 
               00061     ;ClrLCD: Clear the LCD display
0036 00062 ClrLCD
0036 0E01      00063         movlw   B'00000001'
0038 EC00 F000 00064         call    WR_INS
003C 0012      00065     return
               00066 
               00067     ;****************************************
               00068     ; Write command to LCD - Input : W , output : -
               00069     ;****************************************
003E 00070 WR_INS
003E 9408      00071         bcf             RS                              ;clear RS
0040 6E00      00072         movwf   com                             ;W --> com
0042 0BF0      00073         andlw   0xF0                    ;mask 4 bits MSB w = X0
0044 6E08      00074         movwf   PORTD                   ;Send 4 bits MSB
0046 8608      00075         bsf             E                               ;
0048 EC00 F000 00076         call    lcdLongDelay    ;__    __
004C 9608      00077         bcf             E                               ;  |__|
004E 3800      00078         swapf   com,w
0050 0BF0      00079         andlw   0xF0                    ;1111 0010
0052 6E08      00080         movwf   PORTD                   ;send 4 bits LSB
0054 8608      00081         bsf             E                               ;
0056 EC00 F000 00082         call    lcdLongDelay    ;__    __
005A 9608      00083         bcf             E                               ;  |__|
005C EC00 F000 00084         call    lcdLongDelay
0060 0012      00085         return
               00086 
               00087     ;****************************************
               00088     ; Write data to LCD - Input : W , output : -
               00089     ;****************************************
0062 00090 WR_DATA
0062 8408      00091         bsf             RS                              
0064 6E00      00092         movwf   dat
0066 5000      00093         movf    dat,w
0068 0BF0      00094         andlw   0xF0            
006A 0F04      00095         addlw   4
006C 6E08      00096         movwf   PORTD           
006E 8608      00097         bsf             E                               ;
0070 EC00 F000 00098         call    lcdLongDelay    ;__    __
0074 9608      00099         bcf             E                               ;  |__|
0076 3800      00100         swapf   dat,w
0078 0BF0      00101         andlw   0xF0            
007A 0F04      00102         addlw   4
007C 6E08      00103         movwf   PORTD           
007E 8608      00104         bsf             E                               ;
0080 EC00 F000 00105         call    lcdLongDelay    ;__    __
gpasm-0.13.7 beta               lcd.asm     1-14-2011  17:59:18          PAGE  3


LOC  OBJECT CODE     LINE SOURCE TEXT
  VALUE
 
0084 9608      00106         bcf             E                               ;  |__|
0086 0012      00107         return
               00108 
0088 00109 lcdLongDelay
0088 0E14      00110     movlw d'20'
008A 6E00      00111     movwf lcd_d2
008C 00112 LLD_LOOP
               00113     LCD_DELAY
008C 0EFF          M         movlw   0xFF
008E 6E00          M         movwf   lcd_d1
0090 2E00          M         decfsz  lcd_d1,f
0092 EF00 F000     M         goto    $-1
0096 2E00      00114     decfsz lcd_d2,f
0098 EF00 F000 00115     goto LLD_LOOP
009C 0012      00116     return
               00117     
gpasm-0.13.7 beta               lcd.asm     1-14-2011  17:59:18          PAGE  4


SYMBOL TABLE
  LABEL                             VALUE 

ACKDT                             00000005
ACKEN                             00000004
ACKSTAT                           00000006
ADCON0                            0000001F
ADCON1                            0000009F
ADCS0                             00000006
ADCS1                             00000007
ADDEN                             00000003
ADFM                              00000007
ADIE                              00000006
ADIF                              00000006
ADON                              00000000
ADRESH                            0000001E
ADRESL                            0000009E
BCLIE                             00000003
BCLIF                             00000003
BF                                00000000
BRGH                              00000002
C                                 00000000
CCP1CON                           00000017
CCP1IE                            00000002
CCP1IF                            00000002
CCP1M0                            00000000
CCP1M1                            00000001
CCP1M2                            00000002
CCP1M3                            00000003
CCP1X                             00000005
CCP1Y                             00000004
CCP2CON                           0000001D
CCP2IE                            00000000
CCP2IF                            00000000
CCP2M0                            00000000
CCP2M1                            00000001
CCP2M2                            00000002
CCP2M3                            00000003
CCP2X                             00000005
CCP2Y                             00000004
CCPR1H                            00000016
CCPR1L                            00000015
CCPR2H                            0000001C
CCPR2L                            0000001B
CHS0                              00000003
CHS1                              00000004
CHS2                              00000005
CKE                               00000006
CKP                               00000004
CREN                              00000004
CSRC                              00000007
ClrLCD                            00000036
D                                 00000005
DATA_ADDRESS                      00000005
DC                                00000001
D_A                               00000005
gpasm-0.13.7 beta               lcd.asm     1-14-2011  17:59:18          PAGE  5


LOC  OBJECT CODE     LINE SOURCE TEXT
  VALUE
 
EEADR                             0000010D
EEADRH                            0000010F
EECON1                            0000018C
EECON2                            0000018D
EEDATA                            0000010C
EEDATH                            0000010E
EEIE                              00000004
EEIF                              00000004
EEPGD                             00000007
F                                 00000001
FERR                              00000002
FSR                               00000004
GCEN                              00000007
GIE                               00000007
GO                                00000002
GO_DONE                           00000002
I2C_DATA                          00000005
I2C_READ                          00000002
I2C_START                         00000003
I2C_STOP                          00000004
IBF                               00000007
IBOV                              00000005
INDF                              00000000
INTCON                            0000000B
INTE                              00000004
INTEDG                            00000006
INTF                              00000001
IRP                               00000007
InitLCD                           00000000
LLD_LOOP                          0000008C
NOT_A                             00000005
NOT_ADDRESS                       00000005
NOT_BO                            00000000
NOT_BOR                           00000000
NOT_DONE                          00000002
NOT_PD                            00000003
NOT_POR                           00000001
NOT_RBPU                          00000007
NOT_RC8                           00000006
NOT_T1SYNC                        00000002
NOT_TO                            00000004
NOT_TX8                           00000006
NOT_W                             00000002
NOT_WRITE                         00000002
OBF                               00000006
OERR                              00000001
OPTION_REG                        00000081
P                                 00000004
PCFG0                             00000000
PCFG1                             00000001
PCFG2                             00000002
PCFG3                             00000003
PCL                               00000002
PCLATH                            0000000A
gpasm-0.13.7 beta               lcd.asm     1-14-2011  17:59:18          PAGE  6


LOC  OBJECT CODE     LINE SOURCE TEXT
  VALUE
 
PCON                              0000008E
PEIE                              00000006
PEN                               00000002
PIE1                              0000008C
PIE2                              0000008D
PIR1                              0000000C
PIR2                              0000000D
PORTA                             00000005
PORTB                             00000006
PORTC                             00000007
PORTD                             00000008
PORTE                             00000009
PR2                               00000092
PS0                               00000000
PS1                               00000001
PS2                               00000002
PSA                               00000003
PSPIE                             00000007
PSPIF                             00000007
PSPMODE                           00000004
R                                 00000002
RBIE                              00000003
RBIF                              00000000
RC8_9                             00000006
RC9                               00000006
RCD8                              00000000
RCEN                              00000003
RCIE                              00000005
RCIF                              00000005
RCREG                             0000001A
RCSTA                             00000018
RD                                00000000
READ_WRITE                        00000002
RP0                               00000005
RP1                               00000006
RSEN                              00000001
RX9                               00000006
RX9D                              00000000
R_W                               00000002
S                                 00000003
SEN                               00000000
SMP                               00000007
SPBRG                             00000099
SPEN                              00000007
SREN                              00000005
SSPADD                            00000093
SSPBUF                            00000013
SSPCON                            00000014
SSPCON2                           00000091
SSPEN                             00000005
SSPIE                             00000003
SSPIF                             00000003
SSPM0                             00000000
SSPM1                             00000001
gpasm-0.13.7 beta               lcd.asm     1-14-2011  17:59:18          PAGE  7


LOC  OBJECT CODE     LINE SOURCE TEXT
  VALUE
 
SSPM2                             00000002
SSPM3                             00000003
SSPOV                             00000006
SSPSTAT                           00000094
STATUS                            00000003
SYNC                              00000004
T0CS                              00000005
T0IE                              00000005
T0IF                              00000002
T0SE                              00000004
T1CKPS0                           00000004
T1CKPS1                           00000005
T1CON                             00000010
T1INSYNC                          00000002
T1OSCEN                           00000003
T1SYNC                            00000002
T2CKPS0                           00000000
T2CKPS1                           00000001
T2CON                             00000012
TMR0                              00000001
TMR1CS                            00000001
TMR1H                             0000000F
TMR1IE                            00000000
TMR1IF                            00000000
TMR1L                             0000000E
TMR1ON                            00000000
TMR2                              00000011
TMR2IE                            00000001
TMR2IF                            00000001
TMR2ON                            00000002
TOUTPS0                           00000003
TOUTPS1                           00000004
TOUTPS2                           00000005
TOUTPS3                           00000006
TRISA                             00000085
TRISB                             00000086
TRISC                             00000087
TRISD                             00000088
TRISE                             00000089
TRISE0                            00000000
TRISE1                            00000001
TRISE2                            00000002
TRMT                              00000001
TX8_9                             00000006
TX9                               00000006
TX9D                              00000000
TXD8                              00000000
TXEN                              00000005
TXIE                              00000004
TXIF                              00000004
TXREG                             00000019
TXSTA                             00000098
UA                                00000001
W                                 00000000
gpasm-0.13.7 beta               lcd.asm     1-14-2011  17:59:18          PAGE  8


LOC  OBJECT CODE     LINE SOURCE TEXT
  VALUE
 
WCOL                              00000007
WR                                00000001
WREN                              00000002
WRERR                             00000003
WR_DATA                           00000062
WR_INS                            0000003E
Z                                 00000002
_.code_000092                     00000092
_.code_000094                     00000094
_BODEN_OFF                        00003FBF
_BODEN_ON                         00003FFF
_CPD_OFF                          00003FFF
_CPD_ON                           00003EFF
_CP_ALL                           00000FCF
_CP_HALF                          00001FDF
_CP_OFF                           00003FFF
_CP_UPPER_256                     00002FEF
_DEBUG_OFF                        00003FFF
_DEBUG_ON                         000037FF
_HS_OSC                           00003FFE
_LP_OSC                           00003FFC
_LVP_OFF                          00003F7F
_LVP_ON                           00003FFF
_PWRTE_OFF                        00003FFF
_PWRTE_ON                         00003FF7
_RC_OSC                           00003FFF
_WDT_OFF                          00003FFB
_WDT_ON                           00003FFF
_WRT_ENABLE_OFF                   00003DFF
_WRT_ENABLE_ON                    00003FFF
_XT_OSC                           00003FFD
__18F2550                         00000001
com                               00000003
dat                               00000004
lcdLongDelay                      00000088
lcd_d1                            00000001
lcd_d2                            00000002
lcd_tmp                           00000000
E                                 PORTD,3
RS                                PORTD,2


Errors   :       0
Warnings :       0 reported,       0 suppressed
Messages :       0 reported,       1 suppressed

