MPASM  5.20                       PIC18_1.ASM   7-16-2009  15:24:31         PAGE  1


LOC  OBJECT CODE     LINE SOURCE TEXT
  VALUE

                      00001 
                      00002 #include <p18f4620.inc>
                      00001         LIST
                      00002 
                      00003 ;==========================================================================
                      00004 ;  MPASM PIC18F4620 processor include
                      00005 ; 
                      00006 ;  (c) Copyright 1999-2007 Microchip Technology, All rights reserved
                      00007 ;==========================================================================
                      00008 
                      01331         LIST
                      00003                 list P=18F4620, F=INHX32, C=160, N=80, ST=OFF, MM=OFF, R=DEC
                      00004 
                      00005 ;;;;;;Configuration Bits;;;;;;;;;;;;;;;;;;;;;;;;;;;;;;;;;;;;;;;;;;;;;;;;;;;;;;;;;;;;;;;
                      00006 
08 1F 1E 81 81 0F C0 000007                 CONFIG OSC=INTIO67, FCMEN=OFF, IESO=OFF
       F E0 0F 40 
                      00008                 CONFIG PWRT = OFF, BOREN = SBORDIS, BORV = 3
                      00009                 CONFIG WDT = OFF, WDTPS = 32768
                      00010                 CONFIG MCLRE = ON, LPT1OSC = OFF, PBADEN = OFF, CCP2MX = PORTC
                      00011                 CONFIG STVREN = ON, LVP = OFF, XINST = OFF
                      00012                 CONFIG DEBUG = OFF
                      00013                 CONFIG CP0 = OFF, CP1 = OFF, CP2 = OFF, CP3 = OFF
                      00014                 CONFIG CPB = OFF, CPD = OFF
                      00015                 CONFIG WRT0 = OFF, WRT1 = OFF, WRT2 = OFF, WRT3 = OFF
                      00016                 CONFIG WRTB = OFF, WRTC = OFF, WRTD = OFF
                      00017                 CONFIG EBTR0 = OFF, EBTR1 = OFF, EBTR2 = OFF, EBTR3 = OFF
                      00018                 CONFIG EBTRB = OFF
                      00019 
                      00020 ;;;;;;Equates;;;;;;;;;;;;;;;;;;;;;;;;;;;;;;;;;;;;;;;;;;;;;;;;;;;;;;;;;;;;;;;
                      00021 ;*******************************************************************
                      00022 ;Constant Defines
                      00023 ;*******************************************************************
                      00024 #define   RS        LATD,2        ; for v 1.0 used PORTD.3
                      00025 #define   E         LATD,3        ; for v 1.0 used PORTD.2
                      00026 
  00000020            00027 temp_lcd  EQU       0x20           ; buffer for Instruction
  00000021            00028 dat       EQU       0x21           ; buffer for data
  00000025            00029 delay1    EQU           0x25
  00000026            00030 delay2    EQU           0x26
  00000027            00031 delay3    EQU           0x27
                      00032 
                      00033 ;;;;;;Vectors;;;;;;;;;;;;;;;;;;;;;;;;;;;;;;;;;;;;;;;;;;;;;;;;;;;;;;;;;;;;;;;
000000                00034                         org             0x0000
000000 EF15 F000      00035                         goto    Mainline
000008                00036                         org             0x08                            ;high priority ISR
000008 0010           00037                         retfie
000018                00038                         org             0x18                            ;low priority ISR
000018 0010           00039                         retfie
                      00040 
00001A                00041 Table   
00001A 6552 6461 6E69 00042                 db      "ReadingTableLCD", 0
       5467 6261 656C 
       434C 0044 
                      00043 
                      00044 
00002A                00045 Mainline        
00002A 0E7C           00046                   movlw         B'01111100'
00002C 6ED3           00047                   movwf         OSCCON
                      00048 
00002E 8C9B           00049                   bsf           OSCTUNE, 6
                      00050                  ; btfss                OSCTUNE, 6
                      00051                  ; goto                 Stop
000030 6A92           00052                   clrf          TRISA
000032 6A93           00053                   clrf          TRISB
000034 6A94           00054                   clrf          TRISC
000036 6A95           00055                   clrf          TRISD
000038 EC72 F000      00056                   call      delay5ms            ;wait for LCD to start up
00003C EC72 F000      00057           call      delay5ms
000040 0E33           00058           movlw     B'00110011'   
000042 EC4B F000      00059           call      WR_INS
000046 0E32           00060           movlw     B'00110010'
000048 EC4B F000      00061           call      WR_INS
00004C 0E28           00062           movlw     B'00101000'    ; 4 bits, 2 lines,5X7 dot 
MPASM  5.20                       PIC18_1.ASM   7-16-2009  15:24:31         PAGE  2


LOC  OBJECT CODE     LINE SOURCE TEXT
  VALUE

00004E EC4B F000      00063           call      WR_INS
000052 0E0C           00064           movlw     B'00001100'    ; display on/off
000054 EC4B F000      00065           call      WR_INS
000058 0E06           00066           movlw     B'00000110'    ; Entry mode
00005A EC4B F000      00067           call      WR_INS
00005E 0E01           00068           movlw     B'00000001'    ; Clear ram
000060 EC4B F000      00069           call      WR_INS
                      00070 
                      00071           
000064 0E00           00072                   movlw         upper Table
000066 6EF8           00073                   movwf         TBLPTRU
000068 0E00           00074                   movlw         high Table
00006A 6EF7           00075                   movwf         TBLPTRH
00006C 0E1A           00076                   movlw         low Table
00006E 6EF6           00077                   movwf         TBLPTRL
000070 0008           00078                   tblrd*
000072 50F5           00079                   movf          TABLAT, W
000074                00080 Again
000074 EC5A F000      00081           call      WR_DATA
000078 000B           00082                   tblrd+*
00007A 50F5           00083                   movf          TABLAT, W
00007C E1FB           00084                   bnz           Again
                      00085 
00007E                00086 Blink
00007E 0EAA           00087                   movlw         B'10101010'
000080 6E8A           00088                   movwf         LATB
                      00089                   
000082                00090 DelayLoopLong
000082 4E27           00091                   dcfsnz        delay3
000084 EF47 F000      00092                   goto          NoBlink
000088 EC72 F000      00093                   call          delay5ms
00008C D7FA           00094                   bra           DelayLoopLong
00008E                00095 NoBlink
00008E 1E8A           00096                   comf          LATB
000090 D7F8           00097                   bra           DelayLoopLong
                      00098                   
000092 EF49 F000      00099 Stop      goto      Stop
                      00100 
                      00101 ;****************************************
                      00102 ; Write command to LCD
                      00103 ; Input  : W
                      00104 ; output : -
                      00105 ;****************************************
000096                00106 WR_INS   
                      00107 
000096 948C           00108                 bcf             RS                                      ; clear Register Status bit
000098 6E20           00109                 movwf   temp_lcd                        ; store instruction
00009A 0BF0           00110                 andlw   0xF0                            ; mask 4 bits MSB
00009C 6E8C           00111                 movwf   LATD                            ; send 4 bits MSB
                      00112 
00009E 868C           00113                 bsf             E                                       ; pulse enable high
Warning[202]: Argument out of range.  Least significant bits used.
0000A0 3820           00114                 swapf   temp_lcd, WREG                  ; swap nibbles
0000A2 0BF0           00115                 andlw   0xF0                            ; mask 4 bits LSB
0000A4 968C           00116                 bcf             E
0000A6 6E8C           00117                 movwf   LATD                            ; send 4 bits LSB
0000A8 868C           00118                 bsf             E                                       ; pulse enable high
0000AA 0000           00119                 nop
0000AC 968C           00120                 bcf             E
0000AE EC72 F000      00121                 call    delay5ms
                      00122 
0000B2 0012           00123                 return
                      00124 
                      00125 
                      00126 ;***************************************
                      00127 ; Write data to LCD
                      00128 ; Input  : W
                      00129 ; Output : -
                      00130 ;***************************************
0000B4                00131 WR_DATA   
                      00132 
0000B4 948C           00133                 bcf             RS                                      ; clear Register Status bit
0000B6 6E21           00134         movwf   dat                             ; store character
Warning[202]: Argument out of range.  Least significant bits used.
MPASM  5.20                       PIC18_1.ASM   7-16-2009  15:24:31         PAGE  3


LOC  OBJECT CODE     LINE SOURCE TEXT
  VALUE

0000B8 5021           00135         movf    dat, WREG
0000BA 0BF0           00136                 andlw   0xF0                            ; mask 4 bits MSB
0000BC 0F04           00137         addlw   4                               ; set Register Status
0000BE 6E83           00138         movwf   PORTD                           ; send 4 bits MSB
                      00139 
0000C0 868C           00140                 bsf             E                                       ; pulse enable high
Warning[202]: Argument out of range.  Least significant bits used.
0000C2 3821           00141         swapf   dat, WREG                       ; swap nibbles
0000C4 0BF0           00142         andlw   0xF0                            ; mask 4 bits LSB
0000C6 968C           00143                 bcf             E
0000C8 0F04           00144         addlw   4                               ; set Register Status
0000CA 6E83           00145         movwf   PORTD                           ; send 4 bits LSB
0000CC 868C           00146                 bsf             E                                       ; pulse enable high
0000CE 0000           00147                 nop
0000D0 968C           00148                 bcf             E
                      00149 
0000D2 EC6C F000      00150                 call    delay44us               
                      00151 
0000D6 0012           00152         return
                      00153 
                      00154 ;******************************************************************************
                      00155 ; Delay44us (): wait exactly  110 cycles (44 us)
                      00156 ; <www.piclist.org>
                      00157 
0000D8                00158 delay44us
0000D8 0E23           00159                 movlw   0x23
0000DA 6E25           00160                 movwf   delay1, 0
                      00161         
0000DC                00162 Delay44usLoop
                      00163         
0000DC 2E25           00164                 decfsz  delay1, f
0000DE EF6E F000      00165                 goto    Delay44usLoop   
0000E2 0012           00166                 return
                      00167 
0000E4                00168 delay5ms
0000E4 0EC2           00169                 movlw   0xC2
0000E6 6E25           00170                 movwf   delay1,0
0000E8 0E0A           00171                 movlw   0x0A
0000EA 6E26           00172                 movwf   delay2,0
                      00173 
0000EC                00174 Delay5msLoop
0000EC 2E25           00175                 decfsz  delay1, f
0000EE EF7A F000      00176                 goto    d2
0000F2 2E26           00177                 decfsz  delay2, f
0000F4 EF76 F000      00178 d2              goto    Delay5msLoop
0000F8 0012           00179                 return
Warning[205]: Found directive in column 1. (end)
                      00180 end

Errors   :     0
Warnings :     4 reported,     0 suppressed
Messages :     0 reported,     0 suppressed

